// Jest Snapshot v1, https://goo.gl/fbAQLP

exports[`should render ErrorPage correctly 1`] = `
<div>
  <h1>
    Error!!!
  </h1>
  404 - 
  <Link
    replace={false}
    to="/"
  >
    Home
  </Link>
</div>
`;
