// Jest Snapshot v1, https://goo.gl/fbAQLP

exports[`should render an Item from expenses 1`] = `
<div>
  <NavLink
    activeClassName="is-active"
    ariaCurrent="true"
    exact={true}
    to="/edit/1"
  >
    <h3>
      Gum
    </h3>
  </NavLink>
  <p>
    195
     - 
    0
  </p>
</div>
`;
